---
source: crates/cadenza-compiler/test-data/semantics/literals-multi-line-string.cdz
---
# literals-multi-line-string

## Input

```cadenza
"line one
line two
line three"
```

## AST

```lisp
(File (Path 99 114 97 116 101 115 47 99 97 100 101 110 122 97 45 99 111 109 112 105 108 101 114 47 116 101 115 116 45 100 97 116 97 47 115 101 109 97 110 116 105 99 115 47 108 105 116 101 114 97 108 115 45 109 117 108 116 105 45 108 105 110 101 45 115 116 114 105 110 103 46 99 100 122) (Span (0 30) (String 108 105 110 101 32 111 110 101 10 108 105 110 101 32 116 119 111 10 108 105 110 101 32 116 104 114 101 101)))
```

## Expected

```
"line one
line two
line three" : String
```

## K Output

```
<generatedTop>
  <k>
    "line one\nline two\nline three" ~> .K
  </k>
  <scopes>
    0 |-> scope ( -1 , .Map )
  </scopes>
  <current-scope>
    0
  </current-scope>
  <next-scope>
    1
  </next-scope>
  <store>
    .Map
  </store>
  <next-cell>
    0
  </next-cell>
  <output>
    .List
  </output>
  <file>
    "<repo>/crates/cadenza-compiler/test-data/semantics/literals-multi-line-string.cdz"
  </file>
  <span-start>
    0
  </span-start>
  <span-end>
    30
  </span-end>
</generatedTop>
```

